// Jest Snapshot v1, https://goo.gl/fbAQLP

exports[`Detail Page:  should be displayed correctly 1`] = `
<div
  className="container-detail-phone-loading"
>
  <div
    className="container-loading"
  >
    <div
      key="0"
    >
      <div
        className="ui fluid placeholder"
      >
        <div
          className="image header"
        >
          <div
            className="line"
          />
          <div
            className="line"
          />
        </div>
        <div
          className="paragraph"
        >
          <div
            className="line"
          />
          <div
            className="line"
          />
          <div
            className="line"
          />
          <div
            className="line"
          />
          <div
            className="line"
          />
          <div
            className="line"
          />
          <div
            className="line"
          />
          <div
            className="line"
          />
          <div
            className="line"
          />
          <div
            className="line"
          />
          <div
            className="line"
          />
          <div
            className="line"
          />
          <div
            className="line"
          />
          <div
            className="line"
          />
          <div
            className="line"
          />
          <div
            className="line"
          />
          <div
            className="line"
          />
          <div
            className="line"
          />
          <div
            className="line"
          />
          <div
            className="line"
          />
          <div
            className="line"
          />
          <div
            className="line"
          />
          <div
            className="line"
          />
          <div
            className="line"
          />
          <div
            className="line"
          />
        </div>
      </div>
    </div>
  </div>
</div>
`;
