// Jest Snapshot v1, https://goo.gl/fbAQLP

exports[`Test <Navigation />  Match snapshot 1`] = `
Array [
  <div
    className="container-header"
  >
    <div
      className="link"
    >
      <a
        href="/"
        onClick={[Function]}
      >
        <h2
          className="ui header"
        >
          <i
            aria-hidden="true"
            className="mobile alternate icon"
            onClick={[Function]}
          />
          <div
            className="content"
          >
            Phone Catalog
            <div
              className="sub header"
            >
              The latest phones on the market are here
            </div>
          </div>
        </h2>
      </a>
    </div>
    <div
      aria-expanded={false}
      className="ui dropdown icon"
      onBlur={[Function]}
      onChange={[Function]}
      onClick={[Function]}
      onFocus={[Function]}
      onKeyDown={[Function]}
      onMouseDown={[Function]}
      role="listbox"
      tabIndex={0}
    >
      <div
        aria-atomic={true}
        aria-live="polite"
        className="divider text"
        role="alert"
      >
        Login
      </div>
      <i
        aria-hidden="true"
        className="user circle icon"
        onClick={[Function]}
      />
      <div
        className="left menu transition"
      />
    </div>
  </div>,
  <div
    className="ui container layout-basic"
  >
    <div
      className="container-home"
    >
      <div
        className="container-loading"
      >
        <div
          key="0"
        >
          <div
            className="ui doubling stackable three cards"
          >
            <div
              className="ui card"
              onClick={[Function]}
            >
              <div
                className="ui placeholder"
              >
                <div
                  className="square image"
                />
              </div>
              <div
                className="content"
              >
                <div
                  className="ui placeholder"
                >
                  <div
                    className="header"
                  >
                    <div
                      className="line very short"
                    />
                    <div
                      className="line medium"
                    />
                  </div>
                  <div
                    className="paragraph"
                  >
                    <div
                      className="line short"
                    />
                  </div>
                </div>
              </div>
            </div>
            <div
              className="ui card"
              onClick={[Function]}
            >
              <div
                className="ui placeholder"
              >
                <div
                  className="square image"
                />
              </div>
              <div
                className="content"
              >
                <div
                  className="ui placeholder"
                >
                  <div
                    className="header"
                  >
                    <div
                      className="line very short"
                    />
                    <div
                      className="line medium"
                    />
                  </div>
                  <div
                    className="paragraph"
                  >
                    <div
                      className="line short"
                    />
                  </div>
                </div>
              </div>
            </div>
            <div
              className="ui card"
              onClick={[Function]}
            >
              <div
                className="ui placeholder"
              >
                <div
                  className="square image"
                />
              </div>
              <div
                className="content"
              >
                <div
                  className="ui placeholder"
                >
                  <div
                    className="header"
                  >
                    <div
                      className="line very short"
                    />
                    <div
                      className="line medium"
                    />
                  </div>
                  <div
                    className="paragraph"
                  >
                    <div
                      className="line short"
                    />
                  </div>
                </div>
              </div>
            </div>
          </div>
        </div>
        <div
          key="1"
        >
          <div
            className="ui doubling stackable three cards"
          >
            <div
              className="ui card"
              onClick={[Function]}
            >
              <div
                className="ui placeholder"
              >
                <div
                  className="square image"
                />
              </div>
              <div
                className="content"
              >
                <div
                  className="ui placeholder"
                >
                  <div
                    className="header"
                  >
                    <div
                      className="line very short"
                    />
                    <div
                      className="line medium"
                    />
                  </div>
                  <div
                    className="paragraph"
                  >
                    <div
                      className="line short"
                    />
                  </div>
                </div>
              </div>
            </div>
            <div
              className="ui card"
              onClick={[Function]}
            >
              <div
                className="ui placeholder"
              >
                <div
                  className="square image"
                />
              </div>
              <div
                className="content"
              >
                <div
                  className="ui placeholder"
                >
                  <div
                    className="header"
                  >
                    <div
                      className="line very short"
                    />
                    <div
                      className="line medium"
                    />
                  </div>
                  <div
                    className="paragraph"
                  >
                    <div
                      className="line short"
                    />
                  </div>
                </div>
              </div>
            </div>
            <div
              className="ui card"
              onClick={[Function]}
            >
              <div
                className="ui placeholder"
              >
                <div
                  className="square image"
                />
              </div>
              <div
                className="content"
              >
                <div
                  className="ui placeholder"
                >
                  <div
                    className="header"
                  >
                    <div
                      className="line very short"
                    />
                    <div
                      className="line medium"
                    />
                  </div>
                  <div
                    className="paragraph"
                  >
                    <div
                      className="line short"
                    />
                  </div>
                </div>
              </div>
            </div>
          </div>
        </div>
      </div>
    </div>
  </div>,
  <div
    className="add-new-phone-button"
  >
    <button
      className="ui circular icon disabled button button-add-new-phone"
      disabled={true}
      onClick={[Function]}
      tabIndex={-1}
    >
      <i
        aria-hidden="true"
        className="add icon"
        onClick={[Function]}
      />
    </button>
  </div>,
  "",
  "",
]
`;
