// Jest Snapshot v1, https://goo.gl/fbAQLP

exports[`Test <Navigation />  Match snapshot 1`] = `
Array [
  <div
    className="container-header"
  >
    <div
      className="link"
    >
      <a
        href="/"
        onClick={[Function]}
      >
        <h2
          className="ui header"
        >
          <i
            aria-hidden="true"
            className="mobile alternate icon"
            onClick={[Function]}
          />
          <div
            className="content"
          >
            Phone Catalog
            <div
              className="sub header"
            >
              The latest phones on the market are here
            </div>
          </div>
        </h2>
      </a>
    </div>
  </div>,
  <div
    className="ui container layout-basic"
  >
    <div
      className="container-home"
    >
      <div
        className="container-loading"
      >
        <div
          key="0"
        >
          <div
            className="ui doubling stackable three cards"
          >
            <div
              className="ui card"
              onClick={[Function]}
            >
              <div
                className="ui placeholder"
              >
                <div
                  className="square image"
                />
              </div>
              <div
                className="content"
              >
                <div
                  className="ui placeholder"
                >
                  <div
                    className="header"
                  >
                    <div
                      className="line very short"
                    />
                    <div
                      className="line medium"
                    />
                  </div>
                  <div
                    className="paragraph"
                  >
                    <div
                      className="line short"
                    />
                  </div>
                </div>
              </div>
            </div>
            <div
              className="ui card"
              onClick={[Function]}
            >
              <div
                className="ui placeholder"
              >
                <div
                  className="square image"
                />
              </div>
              <div
                className="content"
              >
                <div
                  className="ui placeholder"
                >
                  <div
                    className="header"
                  >
                    <div
                      className="line very short"
                    />
                    <div
                      className="line medium"
                    />
                  </div>
                  <div
                    className="paragraph"
                  >
                    <div
                      className="line short"
                    />
                  </div>
                </div>
              </div>
            </div>
            <div
              className="ui card"
              onClick={[Function]}
            >
              <div
                className="ui placeholder"
              >
                <div
                  className="square image"
                />
              </div>
              <div
                className="content"
              >
                <div
                  className="ui placeholder"
                >
                  <div
                    className="header"
                  >
                    <div
                      className="line very short"
                    />
                    <div
                      className="line medium"
                    />
                  </div>
                  <div
                    className="paragraph"
                  >
                    <div
                      className="line short"
                    />
                  </div>
                </div>
              </div>
            </div>
          </div>
        </div>
        <div
          key="1"
        >
          <div
            className="ui doubling stackable three cards"
          >
            <div
              className="ui card"
              onClick={[Function]}
            >
              <div
                className="ui placeholder"
              >
                <div
                  className="square image"
                />
              </div>
              <div
                className="content"
              >
                <div
                  className="ui placeholder"
                >
                  <div
                    className="header"
                  >
                    <div
                      className="line very short"
                    />
                    <div
                      className="line medium"
                    />
                  </div>
                  <div
                    className="paragraph"
                  >
                    <div
                      className="line short"
                    />
                  </div>
                </div>
              </div>
            </div>
            <div
              className="ui card"
              onClick={[Function]}
            >
              <div
                className="ui placeholder"
              >
                <div
                  className="square image"
                />
              </div>
              <div
                className="content"
              >
                <div
                  className="ui placeholder"
                >
                  <div
                    className="header"
                  >
                    <div
                      className="line very short"
                    />
                    <div
                      className="line medium"
                    />
                  </div>
                  <div
                    className="paragraph"
                  >
                    <div
                      className="line short"
                    />
                  </div>
                </div>
              </div>
            </div>
            <div
              className="ui card"
              onClick={[Function]}
            >
              <div
                className="ui placeholder"
              >
                <div
                  className="square image"
                />
              </div>
              <div
                className="content"
              >
                <div
                  className="ui placeholder"
                >
                  <div
                    className="header"
                  >
                    <div
                      className="line very short"
                    />
                    <div
                      className="line medium"
                    />
                  </div>
                  <div
                    className="paragraph"
                  >
                    <div
                      className="line short"
                    />
                  </div>
                </div>
              </div>
            </div>
          </div>
        </div>
      </div>
    </div>
  </div>,
]
`;
